Microchip MPLAB XC8 Compiler V2.36

Linker command line:

-W-3 --edf=/opt/microchip/xc8/v2.36/pic/dat/en_msgs.txt -cn \
  -h+dist/default/production/16F1Start.X.production.sym \
  --cmf=dist/default/production/16F1Start.X.production.cmf -z -Q16F1509 \
  -o/tmp/xcXImbnea --defsym=__MPLAB_BUILD=1 \
  -Mdist/default/production/16F1Start.X.production.map \
  --md=/tmp/xcXhNJGIb.dat -E1 -ver=XC8 Compiler --acfsm=1493 \
  -ACODE=00h-07FFhx4 -ASTRCODE=00h-01FFFh -ASTRING=00h-0FFhx32 \
  -ACONST=00h-0FFhx32 -AENTRY=00h-0FFhx32 -ACOMMON=070h-07Fh \
  -ABANK0=020h-06Fh -ABANK1=0A0h-0EFh -ABANK2=0120h-016Fh \
  -ABANK3=01A0h-01EFh -ABANK4=0220h-026Fh -ABANK5=02A0h-02EFh \
  -ABANK6=0320h-032Fh -ABIGRAM=02000h-021EFh \
  -ARAM=020h-06Fh,0A0h-0EFh,0120h-016Fh,01A0h-01EFh,0220h-026Fh,02A0h-02EFh,0320h-032Fh \
  -AABS1=020h-07Fh,0A0h-0EFh,0120h-016Fh,01A0h-01EFh,0220h-026Fh,02A0h-02EFh,0320h-032Fh \
  -ASFR0=00h-01Fh -ASFR1=080h-09Fh -ASFR2=0100h-011Fh -ASFR3=0180h-019Fh \
  -ASFR4=0200h-021Fh -ASFR5=0280h-029Fh -ASFR6=0300h-031Fh \
  -ASFR7=0380h-03EFh -ASFR8=0400h-046Fh -ASFR9=0480h-04EFh \
  -ASFR10=0500h-056Fh -ASFR11=0580h-05EFh -ASFR12=0600h-066Fh \
  -ASFR13=0680h-06EFh -ASFR14=0700h-076Fh -ASFR15=0780h-07EFh \
  -ASFR16=0800h-086Fh -ASFR17=0880h-08EFh -ASFR18=0900h-096Fh \
  -ASFR19=0980h-09EFh -ASFR20=0A00h-0A6Fh -ASFR21=0A80h-0AEFh \
  -ASFR22=0B00h-0B6Fh -ASFR23=0B80h-0BEFh -ASFR24=0C00h-0C6Fh \
  -ASFR25=0C80h-0CEFh -ASFR26=0D00h-0D6Fh -ASFR27=0D80h-0DEFh \
  -ASFR28=0E00h-0E6Fh -ASFR29=0E80h-0EEFh -ASFR30=0F00h-0F6Fh \
  -ASFR31=0F80h-0FEFh -ACONFIG=08007h-08008h -DCONFIG=2 \
  -AIDLOC=08000h-08003h -DIDLOC=2 -DCODE=2 -DSTRCODE=2 -DSTRING=2 -DCONST=2 \
  -DENTRY=2 -preset_vec=00h,intentry=04h,init,end_init -ppowerup=CODE \
  -pcinit=CODE -pfunctab=ENTRY -k /tmp/xcXnhGInp.o \
  dist/default/production/16F1Start.X.production.o 

Object code version is 3.11

Machine type is 16F1509



                Name                               Link     Load   Length Selector   Space Scale
/tmp/xcXnhGInp.o
                end_init                             13       13        2        8       0
                reset_vec                             0        0        2        0       0
                config                             8007     8007        2        0       4
                idloc                              8000     8000        4        0       5
dist/default/production/16F1Start.X.production.o
                cinit                                15       15       24        8       0
                intentry                              4        4        F        8       0
                config                             8007     8007        2        0       4
                idloc                              8000     8000        4        0       5
                text33                              7BD      7BD       19        8       0
                text32                              FEF      FEF       11     1FDE       0
                text30                              7FD      7FD        3        8       0
                text29                              7D6      7D6       15        8       0
                text28                              489      489       5C        8       0
                text27                              FC6      FC6        C     1F8C       0
                text26                              6C0      6C0       2C        8       0
                text25                              694      694       2C        8       0
                text24                              FD2      FD2        D     1FA4       0
                text23                              FA3      FA3        6     1F46       0
                text22                              7A4      7A4       19        8       0
                text21                              FA9      FA9        6     1F52       0
                text20                              7EB      7EB       12        8       0
                text19                              F9A      F9A        4     1F34       0
                text18                              FDF      FDF       10     1FBE       0
                text17                              715      715       28        8       0
                text16                              4E5      4E5       55        8       0
                text15                              410      410       79        8       0
                text14                              662      662       32        8       0
                text13                              53A      53A       4C        8       0
                text12                              1FC      1FC      119        8       0
                text11                              FB5      FB5        7     1F6A       0
                text10                              73D      73D       23        8       0
                text9                               5C2      5C2       36        8       0
                text8                               62D      62D       35        8       0
                text7                               FBC      FBC        A     1F78       0
                text6                               6EC      6EC       29        8       0
                text5                               586      586       3C        8       0
                text4                               5F8      5F8       35        8       0
                text3                               315      315       FB        8       0
                text2                               782      782       22        8       0
                text1                               760      760       22        8       0
                maintext                             39       39      1C3        8       0
                cstackBANK0                          20       20       39       20       1
                cstackCOMMON                         70       70        C       70       1
                clrtext                             FAF      FAF        6     1F5E       0
                dataBANK1                            A2       A2        2       A0       1
                dataBANK0                            6B       6B        5       20       1
                bssBANK0                             59       59       12       20       1
                bssCOMMON                            7C       7C        1       70       1
                nvBANK1                              A0       A0        2       A0       1
                idataBANK1                            2        2        2        0       0
                idataBANK0                          F9E      F9E        5     1F3C       0

TOTAL           Name                               Link     Load   Length     Space
        CLASS   CODE           
                end_init                             13       13        2         0
                cinit                                15       15       24         0
                intentry                              4        4        F         0
                reset_vec                             0        0        2         0
                text33                              7BD      7BD       19         0
                text32                              FEF      FEF       11         0
                text30                              7FD      7FD        3         0
                text29                              7D6      7D6       15         0
                text28                              489      489       5C         0
                text27                              FC6      FC6        C         0
                text26                              6C0      6C0       2C         0
                text25                              694      694       2C         0
                text24                              FD2      FD2        D         0
                text23                              FA3      FA3        6         0
                text22                              7A4      7A4       19         0
                text21                              FA9      FA9        6         0
                text20                              7EB      7EB       12         0
                text19                              F9A      F9A        4         0
                text18                              FDF      FDF       10         0
                text17                              715      715       28         0
                text16                              4E5      4E5       55         0
                text15                              410      410       79         0
                text14                              662      662       32         0
                text13                              53A      53A       4C         0
                text12                              1FC      1FC      119         0
                text11                              FB5      FB5        7         0
                text10                              73D      73D       23         0
                text9                               5C2      5C2       36         0
                text8                               62D      62D       35         0
                text7                               FBC      FBC        A         0
                text6                               6EC      6EC       29         0
                text5                               586      586       3C         0
                text4                               5F8      5F8       35         0
                text3                               315      315       FB         0
                text2                               782      782       22         0
                text1                               760      760       22         0
                maintext                             39       39      1C3         0
                clrtext                             FAF      FAF        6         0
                idataBANK1                            2        2        2         0
                idataBANK0                          F9E      F9E        5         0

        CLASS   STRCODE        

        CLASS   STRING         

        CLASS   CONST          

        CLASS   ENTRY          

        CLASS   COMMON         
                cstackCOMMON                         70       70        C         1
                bssCOMMON                            7C       7C        1         1

        CLASS   BANK0          
                cstackBANK0                          20       20       39         1
                dataBANK0                            6B       6B        5         1
                bssBANK0                             59       59       12         1

        CLASS   BANK1          
                dataBANK1                            A2       A2        2         1
                nvBANK1                              A0       A0        2         1

        CLASS   BANK2          

        CLASS   BANK3          

        CLASS   BANK4          

        CLASS   BANK5          

        CLASS   BANK6          

        CLASS   BIGRAM         

        CLASS   RAM            

        CLASS   ABS1           
                abs_s1                               7E       7E        2         1

        CLASS   SFR0           

        CLASS   SFR1           

        CLASS   SFR2           

        CLASS   SFR3           

        CLASS   SFR4           

        CLASS   SFR5           

        CLASS   SFR6           

        CLASS   SFR7           

        CLASS   SFR8           

        CLASS   SFR9           

        CLASS   SFR10          

        CLASS   SFR11          

        CLASS   SFR12          

        CLASS   SFR13          

        CLASS   SFR14          

        CLASS   SFR15          

        CLASS   SFR16          

        CLASS   SFR17          

        CLASS   SFR18          

        CLASS   SFR19          

        CLASS   SFR20          

        CLASS   SFR21          

        CLASS   SFR22          

        CLASS   SFR23          

        CLASS   SFR24          

        CLASS   SFR25          

        CLASS   SFR26          

        CLASS   SFR27          

        CLASS   SFR28          

        CLASS   SFR29          

        CLASS   SFR30          

        CLASS   SFR31          

        CLASS   CONFIG         
                config                             8007     8007        2         4

        CLASS   IDLOC          
                idloc                              8000     8000        4         5

        CLASS   BANK31         

        CLASS   BANK30         

        CLASS   BANK29         

        CLASS   BANK28         

        CLASS   BANK27         

        CLASS   BANK26         

        CLASS   BANK25         

        CLASS   BANK24         

        CLASS   BANK23         

        CLASS   BANK22         

        CLASS   BANK21         

        CLASS   BANK20         

        CLASS   BANK19         

        CLASS   BANK18         

        CLASS   BANK17         

        CLASS   BANK16         

        CLASS   BANK15         

        CLASS   BANK14         

        CLASS   BANK13         

        CLASS   BANK12         

        CLASS   BANK11         

        CLASS   BANK10         

        CLASS   BANK9          

        CLASS   BANK8          

        CLASS   BANK7          

        CLASS   HEAP           

        CLASS   STACK          

        CLASS   EEDATA         



SEGMENTS        Name                           Load    Length   Top    Selector   Space  Class     Delta

                text27                         000FC6  00000C  000FD2      1F8C       0  CODE        2
                reset_vec                      000000  000004  000004         0       0  CODE        2
                text7                          000FBC  00000A  000FC6      1F78       0  CODE        2
                text24                         000FD2  00000D  000FDF      1FA4       0  CODE        2
                clrtext                        000FAF  000006  000FB5      1F5E       0  CODE        2
                text11                         000FB5  000007  000FBC      1F6A       0  CODE        2
                text32                         000FEF  000011  001000      1FDE       0  CODE        2
                text18                         000FDF  000010  000FEF      1FBE       0  CODE        2
                text23                         000FA3  000006  000FA9      1F46       0  CODE        2
                text19                         000F9A  000004  000F9E      1F34       0  CODE        2
                idataBANK0                     000F9E  000005  000FA3      1F3C       0  CODE        2
                text21                         000FA9  000006  000FAF      1F52       0  CODE        2
                cstackBANK0                    000020  000050  000070        20       1  BANK0       1
                intentry                       000004  0007FC  000800         8       0  CODE        2
                cstackCOMMON                   000070  00000D  00007D        70       1  COMMON      1
                nvBANK1                        0000A0  000004  0000A4        A0       1  BANK1       1


UNUSED ADDRESS RANGES

        Name                Unused          Largest block    Delta
        BANK1            000A4-000EF              4C           1
        BANK2            00120-0016F              50           1
        BANK3            001A0-001EF              50           1
        BANK4            00220-0026F              50           1
        BANK5            002A0-002EF              50           1
        BANK6            00320-0032F              10           1
        BIGRAM           02000-021EF             1F0           1
        CODE             00800-00F99             79A           2
                         01000-01FFF             800
        COMMON           0007D-0007D               1           1
        CONST            00800-00F99             100           2
                         01000-01FFF             100
        ENTRY            00800-00F99             100           2
                         01000-01FFF             100
        RAM              000A4-000EF              4C           1
                         00120-0016F              50
                         001A0-001EF              50
                         00220-0026F              50
                         002A0-002EF              50
                         00320-0032F              10
        SFR0             00000-0001F              20           1
        SFR1             00080-0009F              20           1
        SFR10            00500-0056F              70           1
        SFR11            00580-005EF              70           1
        SFR12            00600-0066F              70           1
        SFR13            00680-006EF              70           1
        SFR14            00700-0076F              70           1
        SFR15            00780-007EF              70           1
        SFR16            00800-0086F              70           1
        SFR17            00880-008EF              70           1
        SFR18            00900-0096F              70           1
        SFR19            00980-009EF              70           1
        SFR2             00100-0011F              20           1
        SFR20            00A00-00A6F              70           1
        SFR21            00A80-00AEF              70           1
        SFR22            00B00-00B6F              70           1
        SFR23            00B80-00BEF              70           1
        SFR24            00C00-00C6F              70           1
        SFR25            00C80-00CEF              70           1
        SFR26            00D00-00D6F              70           1
        SFR27            00D80-00DEF              70           1
        SFR28            00E00-00E6F              70           1
        SFR29            00E80-00EEF              70           1
        SFR3             00180-0019F              20           1
        SFR30            00F00-00F6F              70           1
        SFR31            00F80-00FEF              70           1
        SFR4             00200-0021F              20           1
        SFR5             00280-0029F              20           1
        SFR6             00300-0031F              20           1
        SFR7             00380-003EF              70           1
        SFR8             00400-0046F              70           1
        SFR9             00480-004EF              70           1
        STRCODE          00800-00F99             79A           2
                         01000-01FFF            1000
        STRING           00800-00F99             100           2
                         01000-01FFF             100

                                  Symbol Table

?___lmul                                  cstackCOMMON 00071
?___lwdiv                                 cstackCOMMON 00071
?___lwmod                                 cstackBANK0  0002C
?_rand                                    cstackBANK0  00024
?_random_TMR0                             cstackBANK0  0002A
B_BTN_run@bflag                           bssBANK0     0005D
B_BTN_run@ffptr                           cstackCOMMON 00077
B_BTN_run@lfptr                           cstackCOMMON 00079
R_BTN_run@ffptr                           cstackCOMMON 00077
R_BTN_run@lfptr                           cstackCOMMON 00079
R_BTN_run@rflag                           bssBANK0     0005E
TMR0_DefaultInterruptHandler@isrTMR0count bssBANK0     00065
TMR0_ReadTimer@readVal                    cstackCOMMON 00072
TMR0_SetInterruptHandler@InterruptHandler cstackCOMMON 00071
_ANSELA                                   (abs)        0018C
_ANSELB                                   (abs)        0018D
_ANSELC                                   (abs)        0018E
_APFCON                                   (abs)        0011D
_BORCON                                   (abs)        00116
_B_BTN_run                                text26       006C0
_INTCONbits                               (abs)        0000B
_INTERRUPT_InterruptManager               intentry     00004
_LATA                                     (abs)        0010C
_LATB                                     (abs)        0010D
_LATC                                     (abs)        0010E
_N1OE                                     (abs)        024F6
_NCO1ACCH                                 (abs)        00499
_NCO1ACCL                                 (abs)        00498
_NCO1ACCU                                 (abs)        0049A
_NCO1CLK                                  (abs)        0049F
_NCO1CON                                  (abs)        0049E
_NCO1CONbits                              (abs)        0049E
_NCO1INCH                                 (abs)        0049C
_NCO1INCL                                 (abs)        0049B
_NCO1_Initialize                          text24       00FD2
_OPTION_REG                               (abs)        00095
_OPTION_REGbits                           (abs)        00095
_OSCCON                                   (abs)        00099
_OSCILLATOR_Initialize                    text23       00FA3
_PIN_MANAGER_Initialize                   text22       007A4
_PORTCbits                                (abs)        0000E
_R_BTN_run                                text25       00694
_SYSTEM_Initialize                        text18       00FDF
_TMR0                                     (abs)        00015
_TMR0_DefaultInterruptHandler             text33       007BD
_TMR0_ISR                                 text32       00FEF
_TMR0_Initialize                          text20       007EB
_TMR0_InterruptHandler                    nvBANK1      000A0
_TMR0_ReadTimer                           text11       00FB5
_TMR0_SetInterruptHandler                 text21       00FA9
_TMR0flipper                              bssBANK0     00066
_TRISA                                    (abs)        0008C
_TRISB                                    (abs)        0008D
_TRISC                                    (abs)        0008E
_WDTCON                                   (abs)        00097
_WDT_Initialize                           text19       00F9A
_WPUA                                     (abs)        0020C
_WPUB                                     (abs)        0020D
__Habs1                                   abs1         00000
__Hbank0                                  bank0        00000
__Hbank1                                  bank1        00000
__Hbank10                                 bank10       00000
__Hbank11                                 bank11       00000
__Hbank12                                 bank12       00000
__Hbank13                                 bank13       00000
__Hbank14                                 bank14       00000
__Hbank15                                 bank15       00000
__Hbank16                                 bank16       00000
__Hbank17                                 bank17       00000
__Hbank18                                 bank18       00000
__Hbank19                                 bank19       00000
__Hbank2                                  bank2        00000
__Hbank20                                 bank20       00000
__Hbank21                                 bank21       00000
__Hbank22                                 bank22       00000
__Hbank23                                 bank23       00000
__Hbank24                                 bank24       00000
__Hbank25                                 bank25       00000
__Hbank26                                 bank26       00000
__Hbank27                                 bank27       00000
__Hbank28                                 bank28       00000
__Hbank29                                 bank29       00000
__Hbank3                                  bank3        00000
__Hbank30                                 bank30       00000
__Hbank31                                 bank31       00000
__Hbank4                                  bank4        00000
__Hbank5                                  bank5        00000
__Hbank6                                  bank6        00000
__Hbank7                                  bank7        00000
__Hbank8                                  bank8        00000
__Hbank9                                  bank9        00000
__Hbigram                                 bigram       00000
__HbssBANK0                               bssBANK0     00000
__HbssCOMMON                              bssCOMMON    00000
__Hcinit                                  cinit        00039
__Hclrtext                                clrtext      00000
__Hcode                                   code         00000
__Hcommon                                 common       00000
__Hconfig                                 config       08009
__HcstackBANK0                            cstackBANK0  00000
__HcstackCOMMON                           cstackCOMMON 00000
__HdataBANK0                              dataBANK0    00000
__HdataBANK1                              dataBANK1    00000
__Heeprom_data                            eeprom_data  00000
__Hend_init                               end_init     00015
__Hfunctab                                functab      00000
__Hheap                                   heap         00000
__HidataBANK0                             idataBANK0   00000
__HidataBANK1                             idataBANK1   00000
__Hidloc                                  idloc        08004
__Hinit                                   init         00013
__Hintentry                               intentry     00013
__Hmaintext                               maintext     00000
__HnvBANK1                                nvBANK1      00000
__Hpowerup                                powerup      00000
__Hram                                    ram          00000
__Hreset_vec                              reset_vec    00002
__Hsfr0                                   sfr0         00000
__Hsfr1                                   sfr1         00000
__Hsfr10                                  sfr10        00000
__Hsfr11                                  sfr11        00000
__Hsfr12                                  sfr12        00000
__Hsfr13                                  sfr13        00000
__Hsfr14                                  sfr14        00000
__Hsfr15                                  sfr15        00000
__Hsfr16                                  sfr16        00000
__Hsfr17                                  sfr17        00000
__Hsfr18                                  sfr18        00000
__Hsfr19                                  sfr19        00000
__Hsfr2                                   sfr2         00000
__Hsfr20                                  sfr20        00000
__Hsfr21                                  sfr21        00000
__Hsfr22                                  sfr22        00000
__Hsfr23                                  sfr23        00000
__Hsfr24                                  sfr24        00000
__Hsfr25                                  sfr25        00000
__Hsfr26                                  sfr26        00000
__Hsfr27                                  sfr27        00000
__Hsfr28                                  sfr28        00000
__Hsfr29                                  sfr29        00000
__Hsfr3                                   sfr3         00000
__Hsfr30                                  sfr30        00000
__Hsfr31                                  sfr31        00000
__Hsfr4                                   sfr4         00000
__Hsfr5                                   sfr5         00000
__Hsfr6                                   sfr6         00000
__Hsfr7                                   sfr7         00000
__Hsfr8                                   sfr8         00000
__Hsfr9                                   sfr9         00000
__Hspace_0                                (abs)        01000
__Hspace_1                                (abs)        000A4
__Hspace_2                                (abs)        00000
__Hspace_3                                (abs)        00000
__Hspace_4                                (abs)        10010
__Hstack                                  stack        00000
__Hstrings                                strings      00000
__Htext                                   text         00000
__Labs1                                   abs1         00000
__Lbank0                                  bank0        00000
__Lbank1                                  bank1        00000
__Lbank10                                 bank10       00000
__Lbank11                                 bank11       00000
__Lbank12                                 bank12       00000
__Lbank13                                 bank13       00000
__Lbank14                                 bank14       00000
__Lbank15                                 bank15       00000
__Lbank16                                 bank16       00000
__Lbank17                                 bank17       00000
__Lbank18                                 bank18       00000
__Lbank19                                 bank19       00000
__Lbank2                                  bank2        00000
__Lbank20                                 bank20       00000
__Lbank21                                 bank21       00000
__Lbank22                                 bank22       00000
__Lbank23                                 bank23       00000
__Lbank24                                 bank24       00000
__Lbank25                                 bank25       00000
__Lbank26                                 bank26       00000
__Lbank27                                 bank27       00000
__Lbank28                                 bank28       00000
__Lbank29                                 bank29       00000
__Lbank3                                  bank3        00000
__Lbank30                                 bank30       00000
__Lbank31                                 bank31       00000
__Lbank4                                  bank4        00000
__Lbank5                                  bank5        00000
__Lbank6                                  bank6        00000
__Lbank7                                  bank7        00000
__Lbank8                                  bank8        00000
__Lbank9                                  bank9        00000
__Lbigram                                 bigram       00000
__LbssBANK0                               bssBANK0     00000
__LbssCOMMON                              bssCOMMON    00000
__Lcinit                                  cinit        00015
__Lclrtext                                clrtext      00000
__Lcode                                   code         00000
__Lcommon                                 common       00000
__Lconfig                                 config       00000
__LcstackBANK0                            cstackBANK0  00000
__LcstackCOMMON                           cstackCOMMON 00000
__LdataBANK0                              dataBANK0    00000
__LdataBANK1                              dataBANK1    00000
__Leeprom_data                            eeprom_data  00000
__Lend_init                               end_init     00013
__Lfunctab                                functab      00000
__Lheap                                   heap         00000
__LidataBANK0                             idataBANK0   00000
__LidataBANK1                             idataBANK1   00000
__Lidloc                                  idloc        00000
__Linit                                   init         00013
__Lintentry                               intentry     00004
__Lmaintext                               maintext     00000
__LnvBANK1                                nvBANK1      00000
__Lpowerup                                powerup      00000
__Lram                                    ram          00000
__Lreset_vec                              reset_vec    00000
__Lsfr0                                   sfr0         00000
__Lsfr1                                   sfr1         00000
__Lsfr10                                  sfr10        00000
__Lsfr11                                  sfr11        00000
__Lsfr12                                  sfr12        00000
__Lsfr13                                  sfr13        00000
__Lsfr14                                  sfr14        00000
__Lsfr15                                  sfr15        00000
__Lsfr16                                  sfr16        00000
__Lsfr17                                  sfr17        00000
__Lsfr18                                  sfr18        00000
__Lsfr19                                  sfr19        00000
__Lsfr2                                   sfr2         00000
__Lsfr20                                  sfr20        00000
__Lsfr21                                  sfr21        00000
__Lsfr22                                  sfr22        00000
__Lsfr23                                  sfr23        00000
__Lsfr24                                  sfr24        00000
__Lsfr25                                  sfr25        00000
__Lsfr26                                  sfr26        00000
__Lsfr27                                  sfr27        00000
__Lsfr28                                  sfr28        00000
__Lsfr29                                  sfr29        00000
__Lsfr3                                   sfr3         00000
__Lsfr30                                  sfr30        00000
__Lsfr31                                  sfr31        00000
__Lsfr4                                   sfr4         00000
__Lsfr5                                   sfr5         00000
__Lsfr6                                   sfr6         00000
__Lsfr7                                   sfr7         00000
__Lsfr8                                   sfr8         00000
__Lsfr9                                   sfr9         00000
__Lspace_0                                (abs)        00000
__Lspace_1                                (abs)        00000
__Lspace_2                                (abs)        00000
__Lspace_3                                (abs)        00000
__Lspace_4                                (abs)        00000
__Lstack                                  stack        00000
__Lstrings                                strings      00000
__Ltext                                   text         00000
__S0                                      (abs)        01000
__S1                                      (abs)        000A4
___heap_hi                                (abs)        00000
___heap_lo                                (abs)        00000
___int_sp                                 stack        00000
___latbits                                (abs)        00002
___lbmod                                  text10       0073D
___lbmod@counter                          cstackCOMMON 00075
___lbmod@dividend                         cstackCOMMON 00074
___lbmod@divisor                          cstackCOMMON 00071
___lbmod@rem                              cstackCOMMON 00076
___lmul                                   text9        005C2
___lmul@multiplicand                      cstackCOMMON 00075
___lmul@multiplier                        cstackCOMMON 00071
___lmul@product                           cstackBANK0  00020
___lwdiv                                  text5        00586
___lwdiv@counter                          cstackCOMMON 00078
___lwdiv@dividend                         cstackCOMMON 00073
___lwdiv@divisor                          cstackCOMMON 00071
___lwdiv@quotient                         cstackCOMMON 00076
___lwmod                                  text4        005F8
___lwmod@counter                          cstackBANK0  00031
___lwmod@dividend                         cstackBANK0  0002E
___lwmod@divisor                          cstackBANK0  0002C
___sp                                     stack        00000
___stackhi                                (abs)        00000
___stacklo                                (abs)        00000
__end_of_B_BTN_run                        text26       006EC
__end_of_INTERRUPT_InterruptManager       intentry     00013
__end_of_NCO1_Initialize                  text24       00FDF
__end_of_OSCILLATOR_Initialize            text23       00FA9
__end_of_PIN_MANAGER_Initialize           text22       007BD
__end_of_R_BTN_run                        text25       006C0
__end_of_SYSTEM_Initialize                text18       00FEF
__end_of_TMR0_DefaultInterruptHandler     text33       007D6
__end_of_TMR0_ISR                         text32       01000
__end_of_TMR0_Initialize                  text20       007FD
__end_of_TMR0_ReadTimer                   text11       00FBC
__end_of_TMR0_SetInterruptHandler         text21       00FAF
__end_of_WDT_Initialize                   text19       00F9E
__end_of___lbmod                          text10       00760
__end_of___lmul                           text9        005F8
__end_of___lwdiv                          text5        005C2
__end_of___lwmod                          text4        0062D
__end_of__initialization                  cinit        00035
__end_of_checkHit                         text13       00586
__end_of_collect                          text15       00489
__end_of_dispExact                        text12       00315
__end_of_flashLED                         text17       0073D
__end_of_flashing                         text16       0053A
__end_of_incollect                        text14       00694
__end_of_main                             maintext     001FC
__end_of_noTone                           text30       00800
__end_of_rand                             text8        00662
__end_of_random_TMR0                      text6        00715
__end_of_result                           text3        00410
__end_of_shiftInv                         text27       00FD2
__end_of_shiftL                           text2        007A4
__end_of_shiftR                           text1        00782
__end_of_srand                            text7        00FC6
__end_of_start                            text28       004E5
__end_of_tone                             text29       007EB
__initialization                          cinit        00015
__pbssBANK0                               bssBANK0     00059
__pbssCOMMON                              bssCOMMON    0007C
__pcstackBANK0                            cstackBANK0  00020
__pcstackCOMMON                           cstackCOMMON 00070
__pdataBANK0                              dataBANK0    0006B
__pdataBANK1                              dataBANK1    000A2
__pidataBANK0                             idataBANK0   00F9E
__pidataBANK1                             idataBANK1   00002
__pintentry                               intentry     00004
__pmaintext                               maintext     00039
__pnvBANK1                                nvBANK1      000A0
__ptext1                                  text1        00760
__ptext10                                 text10       0073D
__ptext11                                 text11       00FB5
__ptext12                                 text12       001FC
__ptext13                                 text13       0053A
__ptext14                                 text14       00662
__ptext15                                 text15       00410
__ptext16                                 text16       004E5
__ptext17                                 text17       00715
__ptext18                                 text18       00FDF
__ptext19                                 text19       00F9A
__ptext2                                  text2        00782
__ptext20                                 text20       007EB
__ptext21                                 text21       00FA9
__ptext22                                 text22       007A4
__ptext23                                 text23       00FA3
__ptext24                                 text24       00FD2
__ptext25                                 text25       00694
__ptext26                                 text26       006C0
__ptext27                                 text27       00FC6
__ptext28                                 text28       00489
__ptext29                                 text29       007D6
__ptext3                                  text3        00315
__ptext30                                 text30       007FD
__ptext32                                 text32       00FEF
__ptext33                                 text33       007BD
__ptext4                                  text4        005F8
__ptext5                                  text5        00586
__ptext6                                  text6        006EC
__ptext7                                  text7        00FBC
__ptext8                                  text8        0062D
__ptext9                                  text9        005C2
_checkHit                                 text13       0053A
_collect                                  text15       00410
_cursor                                   dataBANK0    0006D
_dispExact                                text12       001FC
_flashLED                                 text17       00715
_flashing                                 text16       004E5
_gameflag                                 bssBANK0     00062
_great                                    bssBANK0     00060
_incollect                                text14       00662
_inloop                                   bssBANK0     00063
_life                                     dataBANK0    0006F
_main                                     maintext     00039
_noTone                                   text30       007FD
_point                                    bssBANK0     0005B
_rand                                     text8        0062D
_random_TMR0                              text6        006EC
_result                                   text3        00315
_seed                                     bssBANK0     00067
_shiftInv                                 text27       00FC6
_shiftL                                   text2        00782
_shiftR                                   text1        00760
_shiftToL                                 bssBANK0     0005F
_srand                                    text7        00FBC
_start                                    text28       00489
_target                                   dataBANK1    000A2
_timer0ReloadVal                          bssCOMMON    0007C
_tone                                     text29       007D6
_velocity                                 dataBANK0    0006B
btemp                                     (abs)        0007E
clear_ram0                                clrtext      00FAF
collect@i                                 cstackBANK0  0004A
dispExact@disp                            cstackBANK0  0003C
dispExact@i                               cstackBANK0  0003E
dispExact@i_314                           cstackBANK0  00040
dispExact@i_316                           cstackBANK0  0003A
dispExact@m                               cstackBANK0  0003F
dispExact@m_315                           cstackBANK0  00041
end_of_initialization                     cinit        00035
flashLED@disp                             cstackBANK0  00032
flashLED@i                                cstackBANK0  00037
flashLED@segs                             cstackBANK0  00034
flashing@bdisp                            bssBANK0     00059
flashing@nowdisp                          cstackBANK0  00047
incollect@i                               cstackCOMMON 00077
int$flags                                 (abs)        0007E
intlevel0                                 functab      00000
intlevel1                                 functab      00000
intlevel2                                 functab      00000
intlevel3                                 functab      00000
intlevel4                                 functab      00000
intlevel5                                 functab      00000
main@i                                    cstackBANK0  0004F
main@i_342                                cstackBANK0  00051
main@i_344                                cstackBANK0  00053
main@i_345                                cstackBANK0  00055
main@t                                    cstackBANK0  00057
random_TMR0@now                           bssBANK0     00064
random_TMR0@reSeed                        cstackCOMMON 0007B
reset_vec                                 reset_vec    00000
srand@s                                   cstackCOMMON 00073
start                                     init         00013
start_initialization                      cinit        00015
tone@freq                                 cstackCOMMON 00071
wtemp0                                    (abs)        0007E


MODULE INFORMATION

Module		Function		Class		Link	Load	Size
/opt/microchip/xc8/v2.36/pic/sources/c99/common/rand.c
		_srand         		CODE           	0FBC	0000	10
		_rand          		CODE           	062D	0000	53

/opt/microchip/xc8/v2.36/pic/sources/c99/common/rand.c estimated size: 63

mcc_generated_files/interrupt_manager.c
		_INTERRUPT_InterruptManager		CODE           	0004	0000	15

mcc_generated_files/interrupt_manager.c estimated size: 15

mcc_generated_files/tmr0.c
		_TMR0_SetInterruptHandler		CODE           	0FA9	0000	6
		_TMR0_DefaultInterruptHandler		CODE           	07BD	0000	25
		_TMR0_ReadTimer		CODE           	0FB5	0000	7
		_TMR0_ISR      		CODE           	0FEF	0000	17
		_TMR0_Initialize		CODE           	07EB	0000	18

mcc_generated_files/tmr0.c estimated size: 73

mcc_generated_files/pin_manager.c
		_PIN_MANAGER_Initialize		CODE           	07A4	0000	25

mcc_generated_files/pin_manager.c estimated size: 25

mcc_generated_files/nco1.c
		_NCO1_Initialize		CODE           	0FD2	0000	13

mcc_generated_files/nco1.c estimated size: 13

/opt/microchip/xc8/v2.36/pic/sources/c99/common/lwmod.c
		___lwmod       		CODE           	05F8	0000	53

/opt/microchip/xc8/v2.36/pic/sources/c99/common/lwmod.c estimated size: 53

/opt/microchip/xc8/v2.36/pic/sources/c99/common/Umul32.c
		___lmul        		CODE           	05C2	0000	54

/opt/microchip/xc8/v2.36/pic/sources/c99/common/Umul32.c estimated size: 54

./random_TMR0.h
		_random_TMR0   		CODE           	06EC	0000	41

./random_TMR0.h estimated size: 41

shared
		__initialization		CODE           	0015	0000	32

shared estimated size: 32

./toner.h
		_tone          		CODE           	07D6	0000	21
		_noTone        		CODE           	07FD	0000	3

./toner.h estimated size: 24

mcc_generated_files/mcc.c
		_WDT_Initialize		CODE           	0F9A	0000	4
		_OSCILLATOR_Initialize		CODE           	0FA3	0000	6
		_SYSTEM_Initialize		CODE           	0FDF	0000	16

mcc_generated_files/mcc.c estimated size: 26

/opt/microchip/xc8/v2.36/pic/sources/c99/common/lwdiv.c
		___lwdiv       		CODE           	0586	0000	60

/opt/microchip/xc8/v2.36/pic/sources/c99/common/lwdiv.c estimated size: 60

/opt/microchip/xc8/v2.36/pic/sources/c99/common/lbmod.c
		___lbmod       		CODE           	073D	0000	35

/opt/microchip/xc8/v2.36/pic/sources/c99/common/lbmod.c estimated size: 35

main.c
		_flashLED      		CODE           	0715	0000	40
		_flashing      		CODE           	04E5	0000	85
		_main          		CODE           	0039	0000	451
		_B_BTN_run     		CODE           	06C0	0000	44
		_shiftInv      		CODE           	0FC6	0000	12
		_incollect     		CODE           	0662	0000	50
		_R_BTN_run     		CODE           	0694	0000	44
		_checkHit      		CODE           	053A	0000	76
		_collect       		CODE           	0410	0000	121
		_start         		CODE           	0489	0000	92
		_dispExact     		CODE           	01FC	0000	281
		_shiftL        		CODE           	0782	0000	34
		_result        		CODE           	0315	0000	251
		_shiftR        		CODE           	0760	0000	34

main.c estimated size: 1615

